=== Complexity Test ===
SARSA Training:  49%|████████████████████████████████▎                                 | 4899/10000 [00:25<00:26, 195.63it/s]
map 1 | SARSA | S2 | t=25.04s | acc=0.940 | episodes=50

Q-Learning Training:  23%|██████████████                                               | 2299/10000 [00:12<00:42, 182.56it/s]
map 1 |   Q   | S2 | t=12.59s | acc=0.975 | episodes=24

SARSA Training:  95%|██████████████████████████████████████████████████████████████▋   | 9499/10000 [00:52<00:02, 182.18it/s]
map 2 | SARSA | S2 | t=52.14s | acc=0.995 | episodes=96

Q-Learning Training:  17%|██████████▎                                                  | 1699/10000 [00:09<00:47, 174.05it/s]
map 2 |   Q   | S2 | t=9.76s | acc=0.974 | episodes=18

SARSA Training: 100%|█████████████████████████████████████████████████████████████████| 10000/10000 [01:05<00:00, 152.67it/s]
map 3 | SARSA | S2 | t=65.50s | acc=0.890 | episodes=101

Q-Learning Training:  34%|████████████████████▋                                        | 3399/10000 [00:23<00:46, 141.84it/s]
map 3 |   Q   | S2 | t=23.96s | acc=0.974 | episodes=35

SARSA Training: 100%|█████████████████████████████████████████████████████████████████▉| 9999/10000 [01:02<00:00, 160.16it/s]
map 4 | SARSA | S2 | t=62.43s | acc=0.559 | episodes=101

Q-Learning Training:  43%|██████████████████████████▏                                  | 4299/10000 [00:25<00:33, 168.91it/s]
map 4 |   Q   | S2 | t=25.45s | acc=0.795 | episodes=44

SARSA Training: 100%|█████████████████████████████████████████████████████████████████| 10000/10000 [01:06<00:00, 149.42it/s]
map 5 | SARSA | S2 | t=66.92s | acc=0.472 | episodes=101

Q-Learning Training:  18%|██████████▉                                                  | 1799/10000 [00:07<00:33, 242.54it/s]
map 5 |   Q   | S2 | t=7.42s | acc=1.000 | episodes=19

SARSA Training: 100%|██████████████████████████████████████████████████████████████████| 10000/10000 [01:51<00:00, 89.95it/s]
map 6 | SARSA | S2 | t=111.17s | acc=0.005 | episodes=101

Q-Learning Training: 100%|█████████████████████████████████████████████████████████████| 10000/10000 [02:13<00:00, 75.18it/s]
map 6 |   Q   | S2 | t=133.02s | acc=0.004 | episodes=101


=== Exploration Test ===
SARSA Training: 100%|█████████████████████████████████████████████████████████████████| 10000/10000 [00:20<00:00, 492.83it/s]
eps=0 | SARSA | S2 | t=20.29s | acc=0.215 | episodes=101

SARSA Training: 100%|█████████████████████████████████████████████████████████████████| 10000/10000 [01:07<00:00, 149.25it/s]
eps=0.5 | SARSA | S2 | t=67.00s | acc=0.562 | episodes=101

SARSA Training:  87%|██████████████████████████████████████████████████████████▎        | 8699/10000 [01:45<00:15, 82.22it/s]
eps=1 | SARSA | S2 | t=105.80s | acc=0.558 | episodes=88

Q-Learning Training: 100%|████████████████████████████████████████████████████████████| 10000/10000 [00:21<00:00, 462.69it/s]
eps=0 |   Q   | S2 | t=21.61s | acc=0.184 | episodes=101

Q-Learning Training:  18%|██████████▉                                                  | 1799/10000 [00:10<00:46, 174.80it/s]
eps=0.5 |   Q   | S2 | t=10.29s | acc=0.800 | episodes=19

Q-Learning Training:  33%|████████████████████▍                                         | 3299/10000 [00:56<01:53, 58.82it/s]
eps=1 |   Q   | S2 | t=56.08s | acc=0.896 | episodes=34


=== Discount Test ===
SARSA Training: 100%|█████████████████████████████████████████████████████████████████| 10000/10000 [00:55<00:00, 178.79it/s]
gamma=0.1 | SARSA | S2 | t=55.93s | acc=0.564 | episodes=101

SARSA Training: 100%|█████████████████████████████████████████████████████████████████| 10000/10000 [01:13<00:00, 135.37it/s]
gamma=0.5 | SARSA | S2 | t=73.87s | acc=0.561 | episodes=101

SARSA Training: 100%|█████████████████████████████████████████████████████████████████| 10000/10000 [00:55<00:00, 178.95it/s]
gamma=1 | SARSA | S2 | t=55.88s | acc=0.624 | episodes=101

Q-Learning Training:  28%|█████████████████                                            | 2799/10000 [00:13<00:35, 204.73it/s]
gamma=0.1 |   Q   | S2 | t=13.67s | acc=0.772 | episodes=29

Q-Learning Training:  13%|███████▉                                                     | 1299/10000 [00:06<00:43, 200.51it/s]
gamma=0.5 |   Q   | S2 | t=6.48s | acc=0.775 | episodes=14

Q-Learning Training:  24%|██████████████▋                                              | 2399/10000 [00:12<00:39, 192.77it/s]
gamma=1 |   Q   | S2 | t=12.45s | acc=0.723 | episodes=25


=== Reward Strategy Test ===
SARSA Training: 100%|██████████████████████████████████████████████████████████████████| 10000/10000 [01:44<00:00, 95.40it/s]
S1 | SARSA | time=104.82s | acc=0.123 | episodes=101

Q-Learning Training:  34%|█████████████████████                                         | 3399/10000 [00:39<01:17, 85.30it/s]
S1 |   Q   | time=39.85s | acc=1.000 | episodes=35

SARSA Training: 100%|█████████████████████████████████████████████████████████████████| 10000/10000 [00:58<00:00, 171.90it/s]
S2 | SARSA | time=58.18s | acc=0.560 | episodes=101

Q-Learning Training:  30%|██████████████████▌                                           | 2999/10000 [00:43<01:41, 68.98it/s]
S2 |   Q   | time=43.48s | acc=0.896 | episodes=31

=== 5. Policy Sampling Test ===
SARSA Training: 100%|█████████████████████████████████████████████████████████████████| 10000/10000 [00:58<00:00, 170.02it/s]
argmax | SARSA | T=0.50 | time=58.82s | acc=0.606 | episodes=10000 | avg_len=30.5

Q-Learning Training:  17%|██████████▎                                                  | 1699/10000 [00:08<00:42, 195.21it/s]
argmax | Q | T=0.50 | time=8.70s | acc=0.791 | episodes=1700 | avg_len=34.6

SARSA Training: 100%|█████████████████████████████████████████████████████████████████| 10000/10000 [00:21<00:00, 474.99it/s]
softmax | SARSA | T=0.10 | time=21.05s | acc=0.229 | episodes=10000 | avg_len=41.2

SARSA Training:  33%|█████████████████████▊                                            | 3299/10000 [00:10<00:21, 305.61it/s]
softmax | SARSA | T=0.50 | time=10.80s | acc=0.556 | episodes=3300 | avg_len=35.0

SARSA Training:  15%|█████████▉                                                        | 1499/10000 [00:06<00:38, 219.91it/s]
softmax | SARSA | T=1.00 | time=6.82s | acc=0.841 | episodes=1500 | avg_len=35.8

SARSA Training:  13%|████████▌                                                         | 1299/10000 [00:06<00:46, 186.21it/s]
softmax | SARSA | T=1.50 | time=6.98s | acc=0.845 | episodes=1300 | avg_len=36.6

SARSA Training:  12%|███████▉                                                          | 1199/10000 [00:07<00:51, 170.85it/s]
softmax | SARSA | T=2.00 | time=7.02s | acc=0.856 | episodes=1200 | avg_len=36.2

Q-Learning Training:  15%|█████████▏                                                   | 1499/10000 [00:03<00:18, 452.56it/s]
softmax | Q | T=0.10 | time=3.31s | acc=0.279 | episodes=1500 | avg_len=32.9

Q-Learning Training:  18%|██████████▉                                                  | 1799/10000 [00:06<00:29, 279.99it/s]
softmax | Q | T=0.50 | time=6.43s | acc=0.649 | episodes=1800 | avg_len=35.1

Q-Learning Training:  17%|██████████▎                                                  | 1699/10000 [00:07<00:36, 229.91it/s]
softmax | Q | T=1.00 | time=7.39s | acc=0.814 | episodes=1700 | avg_len=35.1

Q-Learning Training:  17%|██████████▎                                                  | 1699/10000 [00:08<00:42, 195.17it/s]
softmax | Q | T=1.50 | time=8.71s | acc=0.825 | episodes=1700 | avg_len=35.3

Q-Learning Training:  17%|██████████▎                                                  | 1699/10000 [00:11<00:54, 152.67it/s]
softmax | Q | T=2.00 | time=11.13s | acc=0.862 | episodes=1700 | avg_len=36.2